// Jest Snapshot v1, https://goo.gl/fbAQLP

exports[`<Board /> matches snapshot 1`] = `
<div
  className="board"
>
  <div
    className="row"
    key="row0"
  >
    <Square
      colIdx={0}
      handleClick={[Function]}
      id="square00"
      key="square00"
      rowIdx={0}
      value={null}
    />
    <Square
      colIdx={1}
      handleClick={[Function]}
      id="square01"
      key="square01"
      rowIdx={0}
      value={null}
    />
    <Square
      colIdx={2}
      handleClick={[Function]}
      id="square02"
      key="square02"
      rowIdx={0}
      value={null}
    />
  </div>
  <div
    className="row"
    key="row1"
  >
    <Square
      colIdx={0}
      handleClick={[Function]}
      id="square10"
      key="square10"
      rowIdx={1}
      value={null}
    />
    <Square
      colIdx={1}
      handleClick={[Function]}
      id="square11"
      key="square11"
      rowIdx={1}
      value={null}
    />
    <Square
      colIdx={2}
      handleClick={[Function]}
      id="square12"
      key="square12"
      rowIdx={1}
      value={null}
    />
  </div>
  <div
    className="row"
    key="row2"
  >
    <Square
      colIdx={0}
      handleClick={[Function]}
      id="square20"
      key="square20"
      rowIdx={2}
      value={null}
    />
    <Square
      colIdx={1}
      handleClick={[Function]}
      id="square21"
      key="square21"
      rowIdx={2}
      value={null}
    />
    <Square
      colIdx={2}
      handleClick={[Function]}
      id="square22"
      key="square22"
      rowIdx={2}
      value={null}
    />
  </div>
</div>
`;
